==========================================
 VERIFY  2026-08-28T21:56:24Z
==========================================

===== 1. /bin /sbin /usr/bin /usr/sbin /usr/libexec — hash diff vs baseline =====
DRIFT: 1636 added/changed, 1496 removed/changed
--- first 40 changed lines ---
1,8d0
< 
< # Generated 2026-05-18T17:47:48Z
< # SHA-256 baseline of system binaries
< 001f7e61c5efbe036c11967f79615f3eb393dd0d0d8e398502c72e55e7bd6d26  /usr/bin/tsort
< 002c045850dfbf166a47f12fa4973f33a96191f8ac6e102a6a462801d41a550e  /usr/sbin/languagesetup
< 002de0312cb7317c321da7b3f826b7f154c215647822fb414143b4776a5eda0e  /usr/libexec/nesessionmanager
< 003172459ae3ac9fe556101596ca823f5d115ea6a6d5c63f6dbb64c22970841e  /usr/sbin/htdbm
< 0032ae3f29df098cd2a6721d1b6eef17c1ab9bdc5337b8d6901505125d7030c3  /usr/sbin/setquota
10c2
< 0046a65909d1ab037dfc477460332344eaf2c77cae692a67007a637ff06b7810  /usr/bin/funzip
---
> 0041bb732aefe3ab7a430e441dc90aa84bf716f37ee15e00fdfeac988407686b  /usr/sbin/setkey
13,35c5,30
< 009ce961193cff0a92e8e0c73e50559bf8c8ec3cd1c9f6e1a3bf91a22519fac9  /bin/link
< 009ce961193cff0a92e8e0c73e50559bf8c8ec3cd1c9f6e1a3bf91a22519fac9  /bin/ln
< 00a1fd92064ad7273cf4c657edd4cabd4f264e43bf5b06d10a407917f1e48cce  /usr/bin/parldyn5.34
< 00c4d7870295e050335e6b98372d9bb5ae54e04186dc5f6ea9d2684c7a59e7d0  /usr/bin/mdimport
< 00eed730124d9c23ab8ef12d771d21cfcdd4b1ee771907e52380ffd7295ca131  /usr/libexec/apache2/mod_usertrack.so
< 01030799ba820c88f70187e1d1e491f0213e6e30a08681b41817297f2971b789  /usr/bin/searchdiagnose
< 010eb39fb8262343ed95819e0e4bc438b4a88a7c6e57004526f996e847d8723d  /usr/libexec/apache2/mod_allowmethods.so
< 014c148cd6887cc0cde9f9a66845e01f5cb2a5424a29f067a56d7758b5c88bc0  /usr/bin/wall
< 015e1567cb6d17ebca05eee3f1318db34c40c1af3ce8ea2fb68244bf25c7cbc1  /usr/libexec/powerexperienced
< 01cfcfac9267586bf8fd97c69ee9a88463f892be16f2f8d62895df086a084380  /usr/libexec/TouchBarServer
< 01db452e0abcc0796b3e3bd8967be4b4d91fc2dca101cee2498368e6a307277e  /usr/bin/umtool
< 02adab263e3d33474a838ff7700f62ca289f80cc7bc5bbe9305e2660d85aa26c  /sbin/mount_devfs
< 03340846f8ea2bdae6ba2710d08a8f81803ffe8c4689a06632f519bdadcdc487  /usr/bin/kmutil
< 038d74f9b9b1ef097137b3fd3b01a6a967018a977ea4c67af2468aeb71dbf14b  /usr/libexec/natpmpd
< 03e530e5ec4230553cc8728f352a3aa60a676d24ed7ff7d07363af6f697aa0f9  /usr/bin/afhash
< 04060f67decb0201e8decbc7d14ce47c4c3dddbbec05b98771242c8e12793f88  /usr/bin/gktool
< 043384f1825337fb638f6d13fb519ce03807135ae5a14baac634a4dfceaec3ac  /usr/bin/dirname
< 047103d4b23873c71bdf5149626e81d6001e9006bd0e14647f5c788bdf4b54d0  /usr/libexec/apache2/mod_authz_user.so
< 049b632dac6f933c7d3af9ea7f0de449cf85686071ec323bed4c7e7ac6245529  /usr/bin/bc
< 049b632dac6f933c7d3af9ea7f0de449cf85686071ec323bed4c7e7ac6245529  /usr/bin/dc
< 04aa3e77884fbc1e02095810382176d0faf0fbcbf0c9369c6e6aa9024882c245  /usr/libexec/testmanagerd
< 04c1ec2d5939843c9a89a26791020d2017a50ff97a2d5b380af69d5fcdae5a63  /usr/bin/vm_stat
< 0513a5032404793e6dbf9701f39b58e7ba8cc6798493b36474c58ee6c6ed9029  /usr/bin/dserr
---
> 00b03be453d447790ed26813082cba6b4673ed37da53d50126554e958217ed06  /usr/libexec/dirs_cleaner
> 00ecd8db6e3eaa8959bc776efa74c77afbebbb11315043c860648c8b736c9e49  /usr/libexec/atcrtcomm

===== 2. Listening TCP sockets (expect: empty) =====
UNEXPECTED:
COMMAND   PID USER   FD   TYPE             DEVICE SIZE/OFF NODE NAME
cupsd   24245 root    5u  IPv6 0xff7a767558712019      0t0  TCP [::1]:631 (LISTEN)
cupsd   24245 root    6u  IPv4 0xaa196ba123625ccf      0t0  TCP 127.0.0.1:631 (LISTEN)

===== 2b. Listening UDP sockets (non-link-local) =====
COMMAND     PID           USER   FD   TYPE             DEVICE SIZE/OFF NODE NAME
mDNSRespo   439 _mdnsresponder    6u  IPv4 0x370a8f8876cbe5d5      0t0  UDP *:5353
mDNSRespo   439 _mdnsresponder    7u  IPv6 0xe39170ce448fd49f      0t0  UDP *:5353
airportd    453           root    3u  IPv4 0x1b18625bb0315f5c      0t0  UDP *:*
airportd    453           root    9u  IPv6 0xb565463c4b4ef194      0t0  UDP *:*
airportd    453           root   11u  IPv4 0xa54b34f762cb7a1f      0t0  UDP *:*
airportd    453           root   13u  IPv4 0x5e42ba954576741b      0t0  UDP *:*
airportd    453           root   14u  IPv4 0xea095414297082d7      0t0  UDP *:*
airportd    453           root   15u  IPv4 0x4871e5decd800185      0t0  UDP *:*
airportd    453           root   17u  IPv4 0x2be0505de0f0633f      0t0  UDP *:*
airportd    453           root   20u  IPv4 0x549104434344bb70      0t0  UDP *:*
airportd    453           root   21u  IPv4 0x3c6567c3590021b1      0t0  UDP *:*
airportd    453           root   22u  IPv4 0xf6db692058774844      0t0  UDP *:*
airportd    453           root   26u  IPv4 0x8078a91a88d7e741      0t0  UDP *:*
airportd    453           root   27u  IPv4 0x62964df582c59441      0t0  UDP *:*
symptomsd   502      _networkd   26u  IPv4 0x192a7ba82c147616      0t0  UDP *:*
wifip2pd    742           root    4u  IPv4 0xa26852a5e31a4e79      0t0  UDP *:*
wifip2pd    742           root    6u  IPv4 0x7c07efc8424dd50c      0t0  UDP *:*
wifip2pd    742           root    9u  IPv4 0x11257f070f207e21      0t0  UDP *:*
wifianaly   937           root    3u  IPv4 0x97f0538303686b38      0t0  UDP *:*
wifiveloc  1047           root    3u  IPv4  0x619c1222c8717e5      0t0  UDP *:*
sharingd  92101            evw    4u  IPv4 0xecaa179d395a7450      0t0  UDP *:*
identitys 92131            evw    7u  IPv4 0xad16d7d71ec07143      0t0  UDP *:*
identitys 92131            evw   14u  IPv4 0xc89828ab41dd745c      0t0  UDP *:*
identitys 92131            evw   20u  IPv4  0xcc77e201295fa62      0t0  UDP *:*

===== 3. Services that should remain DISABLED =====
  OK     com.openssh.sshd
  OK     com.apple.screensharing
  OK     com.apple.screensharing.agent
  OK     com.apple.screensharing.menuextra
  OK     com.apple.screensharing.MessagesAgent
  OK     com.apple.RemoteDesktop.agent
  DRIFT  com.apple.RemoteDesktop.PrivilegeProxy  (NOT disabled)
  OK     com.apple.InternetSharing
  OK     com.apple.AppleFileServer
  OK     com.apple.smbd
  OK     com.apple.netbiosd
  DRIFT  com.apple.AirPlayXPCHelper  (NOT disabled)
  DRIFT  com.apple.mediasharingd  (NOT disabled)

===== 4. Process scan for remote-access daemons (expect: none) =====
OK: no remote-access daemons running

===== 5. Apple firewall state (expect: enabled, stealth on, block-all on) =====
Firewall is blocking all non-essential incoming connections. (State = 2)
Firewall stealth mode is on
Firewall is blocking all non-essential incoming connections.

===== 6. Bluetooth ControllerPowerState (expect: 0) =====
2026-08-28 16:56:26.935 defaults[92662:1208285] 
The domain/default pair of (/Library/Preferences/com.apple.Bluetooth, ControllerPowerState) does not exist
error-guard: [16:56:26] 'bluetooth-power-state' failed (1/10, rc=1): defaults read /Library/Preferences/com.apple.Bluetooth ControllerPowerState

===== 7. awdl0 interface (expect: down or no inet6 address) =====
awdl0: flags=8822<BROADCAST,SMART,SIMPLEX,MULTICAST> mtu 1500
	options=6460<TSO4,TSO6,CHANNEL_IO,PARTIAL_CSUM,ZEROINVERT_CSUM>
	ether 42:73:d9:60:2c:89

===== 8. System extensions (expect: only Little Snitch) =====
1 extension(s)
--- com.apple.system_extension.network_extension (Go to 'System Settings > General > Login Items & Extensions > Network Extensions' to modify these system extension(s))
enabled	active	teamID	bundleID (version)	name	[state]
*	*	MLZF7K7B5R	at.obdev.littlesnitch.networkextension (6.4.1/7212)	Little Snitch Network Extension	[activated enabled]

===== 9. Config profiles (expect: none) =====
There are no configuration profiles installed in the system domain

===== 10. LaunchDaemons / LaunchAgents on /Library (expect: only Little Snitch + local.awdl-down) =====
/Library/LaunchAgents:
total 8
drwxr-xr-x   3 root  wheel    96 Aug 27 11:52 .
drwxr-xr-x  66 root  wheel  2112 Aug 27 12:55 ..
-rw-r--r--   1 root  wheel   543 Aug 27 11:52 at.obdev.littlesnitch.agent.plist

/Library/LaunchDaemons:
total 32
drwxr-xr-x   6 root  wheel   192 Aug 28 14:24 .
drwxr-xr-x  66 root  wheel  2112 Aug 27 12:55 ..
-rw-r--r--   1 root  wheel   621 Aug 27 11:52 at.obdev.littlesnitch.daemon.plist
-rw-r--r--@  1 root  wheel   752 Aug 28 13:26 com.evw.ls-watchdog-monitor.plist
-rw-r--r--@  1 root  wheel   736 Aug 28 13:26 com.evw.ls-watchdog.plist
-rw-r--r--   1 root  wheel   464 Apr 21 14:41 org.wireshark.ChmodBPF.plist

===== 10b. ~/Library/LaunchAgents (expect: empty) =====
ls: /Users/evw/Library/LaunchAgents: No such file or directory

===== 11. Cron + login hooks (expect: none) =====
crontab: no crontab for evw
2026-08-28 16:56:26.994 defaults[92679:1208325] 
The domain/default pair of (/var/root/Library/Preferences/com.apple.loginwindow, LoginHook) does not exist
2026-08-28 16:56:26.998 defaults[92680:1208328] 
The domain/default pair of (/Library/Preferences/com.apple.loginwindow, LoginHook) does not exist

===== 12. /etc/hosts contents =====
##
# Host Database
#
# localhost is used to configure the loopback interface
# when the system is booting.  Do not change this entry.
##
127.0.0.1	localhost
255.255.255.255	broadcasthost
::1             localhost
127.0.0.1  evws-MacBook-Pro.local.local evws-MacBook-Pro.local

===== 13. TCC system DB: screen-capture/accessibility/input grants (expect: empty) =====
Error: unable to open database "/Library/Application Support/com.apple.TCC/TCC.db": authorization denied

===== 13b. TCC user DB =====
Error: unable to open database "/Users/evw/Library/Application Support/com.apple.TCC/TCC.db": authorization denied

==========================================
 VERIFY COMPLETE  2026-08-28T21:56:27Z
==========================================
==========================================
 VERIFY  2026-08-31T21:13:04Z
==========================================

===== 1. /bin /sbin /usr/bin /usr/sbin /usr/libexec — hash diff vs baseline =====
DRIFT: 1636 added/changed, 1496 removed/changed
--- first 40 changed lines ---
1,8d0
< 
< # Generated 2026-05-18T17:47:48Z
< # SHA-256 baseline of system binaries
< 001f7e61c5efbe036c11967f79615f3eb393dd0d0d8e398502c72e55e7bd6d26  /usr/bin/tsort
< 002c045850dfbf166a47f12fa4973f33a96191f8ac6e102a6a462801d41a550e  /usr/sbin/languagesetup
< 002de0312cb7317c321da7b3f826b7f154c215647822fb414143b4776a5eda0e  /usr/libexec/nesessionmanager
< 003172459ae3ac9fe556101596ca823f5d115ea6a6d5c63f6dbb64c22970841e  /usr/sbin/htdbm
< 0032ae3f29df098cd2a6721d1b6eef17c1ab9bdc5337b8d6901505125d7030c3  /usr/sbin/setquota
10c2
< 0046a65909d1ab037dfc477460332344eaf2c77cae692a67007a637ff06b7810  /usr/bin/funzip
---
> 0041bb732aefe3ab7a430e441dc90aa84bf716f37ee15e00fdfeac988407686b  /usr/sbin/setkey
13,35c5,30
< 009ce961193cff0a92e8e0c73e50559bf8c8ec3cd1c9f6e1a3bf91a22519fac9  /bin/link
< 009ce961193cff0a92e8e0c73e50559bf8c8ec3cd1c9f6e1a3bf91a22519fac9  /bin/ln
< 00a1fd92064ad7273cf4c657edd4cabd4f264e43bf5b06d10a407917f1e48cce  /usr/bin/parldyn5.34
< 00c4d7870295e050335e6b98372d9bb5ae54e04186dc5f6ea9d2684c7a59e7d0  /usr/bin/mdimport
< 00eed730124d9c23ab8ef12d771d21cfcdd4b1ee771907e52380ffd7295ca131  /usr/libexec/apache2/mod_usertrack.so
< 01030799ba820c88f70187e1d1e491f0213e6e30a08681b41817297f2971b789  /usr/bin/searchdiagnose
< 010eb39fb8262343ed95819e0e4bc438b4a88a7c6e57004526f996e847d8723d  /usr/libexec/apache2/mod_allowmethods.so
< 014c148cd6887cc0cde9f9a66845e01f5cb2a5424a29f067a56d7758b5c88bc0  /usr/bin/wall
< 015e1567cb6d17ebca05eee3f1318db34c40c1af3ce8ea2fb68244bf25c7cbc1  /usr/libexec/powerexperienced
< 01cfcfac9267586bf8fd97c69ee9a88463f892be16f2f8d62895df086a084380  /usr/libexec/TouchBarServer
< 01db452e0abcc0796b3e3bd8967be4b4d91fc2dca101cee2498368e6a307277e  /usr/bin/umtool
< 02adab263e3d33474a838ff7700f62ca289f80cc7bc5bbe9305e2660d85aa26c  /sbin/mount_devfs
< 03340846f8ea2bdae6ba2710d08a8f81803ffe8c4689a06632f519bdadcdc487  /usr/bin/kmutil
< 038d74f9b9b1ef097137b3fd3b01a6a967018a977ea4c67af2468aeb71dbf14b  /usr/libexec/natpmpd
< 03e530e5ec4230553cc8728f352a3aa60a676d24ed7ff7d07363af6f697aa0f9  /usr/bin/afhash
< 04060f67decb0201e8decbc7d14ce47c4c3dddbbec05b98771242c8e12793f88  /usr/bin/gktool
< 043384f1825337fb638f6d13fb519ce03807135ae5a14baac634a4dfceaec3ac  /usr/bin/dirname
< 047103d4b23873c71bdf5149626e81d6001e9006bd0e14647f5c788bdf4b54d0  /usr/libexec/apache2/mod_authz_user.so
< 049b632dac6f933c7d3af9ea7f0de449cf85686071ec323bed4c7e7ac6245529  /usr/bin/bc
< 049b632dac6f933c7d3af9ea7f0de449cf85686071ec323bed4c7e7ac6245529  /usr/bin/dc
< 04aa3e77884fbc1e02095810382176d0faf0fbcbf0c9369c6e6aa9024882c245  /usr/libexec/testmanagerd
< 04c1ec2d5939843c9a89a26791020d2017a50ff97a2d5b380af69d5fcdae5a63  /usr/bin/vm_stat
< 0513a5032404793e6dbf9701f39b58e7ba8cc6798493b36474c58ee6c6ed9029  /usr/bin/dserr
---
> 00b03be453d447790ed26813082cba6b4673ed37da53d50126554e958217ed06  /usr/libexec/dirs_cleaner
> 00ecd8db6e3eaa8959bc776efa74c77afbebbb11315043c860648c8b736c9e49  /usr/libexec/atcrtcomm

===== 2. Listening TCP sockets (expect: empty) =====
OK: no TCP listeners

===== 2b. Listening UDP sockets (non-link-local) =====
COMMAND    PID           USER   FD   TYPE             DEVICE SIZE/OFF NODE NAME
launchd      1           root   30u  IPv4 0xb24aff6cdcc71594      0t0  UDP *:138
launchd      1           root   31u  IPv4 0xd1e0b2e9660cf4d2      0t0  UDP *:137
syslogd    370           root   13u  IPv4 0x50252cf017d3e818      0t0  UDP *:59951
airportd   444           root    3u  IPv4 0x268eaca1d4430927      0t0  UDP *:*
airportd   444           root    9u  IPv6 0x4e8e59da8000fcd1      0t0  UDP *:*
airportd   444           root   10u  IPv4 0x301978048157f067      0t0  UDP *:*
airportd   444           root   11u  IPv4 0xa7d3b8daabc6dc27      0t0  UDP *:*
airportd   444           root   12u  IPv4 0x5442cd350794cf12      0t0  UDP *:*
airportd   444           root   13u  IPv4 0xec367b4103b77328      0t0  UDP *:*
airportd   444           root   16u  IPv4 0xe7d17ff7c37e4393      0t0  UDP *:*
airportd   444           root   18u  IPv4 0xa422d22f7eaeae48      0t0  UDP *:*
airportd   444           root   20u  IPv4  0x104796a037bc2bc      0t0  UDP *:*
airportd   444           root   21u  IPv4 0x583dfa699640b970      0t0  UDP *:*
airportd   444           root   23u  IPv4 0xb06b32ae406d7f28      0t0  UDP *:*
airportd   444           root   25u  IPv4 0xab1d774611666be2      0t0  UDP *:*
symptomsd  448      _networkd   26u  IPv4 0xb434a16bb825a2e6      0t0  UDP *:*
mDNSRespo  521 _mdnsresponder    6u  IPv4 0x679af466f6fc02d9      0t0  UDP *:5353
mDNSRespo  521 _mdnsresponder    7u  IPv6 0x4bb337dc6458173a      0t0  UDP *:5353
at.obdev.  544           root    9u  IPv6 0x343634e6c89b3327      0t0  UDP [2600:100b:b0c2:dfac:6599:6f0f:3be9:7ad5]:62161->[2620:fe::10]:443
identitys  678            evw    6u  IPv4 0x50fcb4abba10b0af      0t0  UDP *:*
identitys  678            evw   14u  IPv4 0x1183cb594b236f2d      0t0  UDP *:*
identitys  678            evw   20u  IPv4 0x9c82e88ccadae9a5      0t0  UDP *:*
sharingd   763            evw    4u  IPv4 0x758eca62e8c593cc      0t0  UDP *:*
wifiveloc  992           root    3u  IPv4 0x7968d4624ffb879b      0t0  UDP *:*
netbiosd  3653       _netbios    3u  IPv4 0xd1e0b2e9660cf4d2      0t0  UDP *:137
netbiosd  3653       _netbios    4u  IPv4 0xb24aff6cdcc71594      0t0  UDP *:138
wifip2pd  5617           root    4u  IPv4 0x226dda0c5926670e      0t0  UDP *:*
wifip2pd  5617           root    6u  IPv4 0x520f100fe5480f54      0t0  UDP *:*
wifip2pd  5617           root    7u  IPv4 0xb7d4d4c7fd74f911      0t0  UDP *:*

===== 3. Services that should remain DISABLED =====
  DRIFT  com.openssh.sshd  (NOT disabled)
  DRIFT  com.apple.screensharing  (NOT disabled)
  DRIFT  com.apple.screensharing.agent  (NOT disabled)
  DRIFT  com.apple.screensharing.menuextra  (NOT disabled)
  DRIFT  com.apple.screensharing.MessagesAgent  (NOT disabled)
  DRIFT  com.apple.RemoteDesktop.agent  (NOT disabled)
  DRIFT  com.apple.RemoteDesktop.PrivilegeProxy  (NOT disabled)
  DRIFT  com.apple.InternetSharing  (NOT disabled)
  DRIFT  com.apple.AppleFileServer  (NOT disabled)
  DRIFT  com.apple.smbd  (NOT disabled)
  DRIFT  com.apple.netbiosd  (NOT disabled)
  DRIFT  com.apple.AirPlayXPCHelper  (NOT disabled)
  DRIFT  com.apple.mediasharingd  (NOT disabled)

===== 4. Process scan for remote-access daemons (expect: none) =====
OK: no remote-access daemons running

===== 5. Apple firewall state (expect: enabled, stealth on, block-all on) =====
Firewall is blocking all non-essential incoming connections. (State = 2)
Firewall stealth mode is on
Firewall is blocking all non-essential incoming connections.

===== 6. Bluetooth ControllerPowerState (expect: 0) =====
2026-08-31 16:13:07.031 defaults[30025:262272] 
The domain/default pair of (/Library/Preferences/com.apple.Bluetooth, ControllerPowerState) does not exist
error-guard: [16:13:07] 'bluetooth-power-state' failed (1/10, rc=1): defaults read /Library/Preferences/com.apple.Bluetooth ControllerPowerState

===== 7. awdl0 interface (expect: down or no inet6 address) =====
awdl0: flags=8863<UP,BROADCAST,SMART,RUNNING,SIMPLEX,MULTICAST> mtu 1500
	options=6460<TSO4,TSO6,CHANNEL_IO,PARTIAL_CSUM,ZEROINVERT_CSUM>
	ether 7a:34:e7:1b:25:62

===== 8. System extensions (expect: only Little Snitch) =====
1 extension(s)
--- com.apple.system_extension.network_extension (Go to 'System Settings > General > Login Items & Extensions > Network Extensions' to modify these system extension(s))
enabled	active	teamID	bundleID (version)	name	[state]
*	*	MLZF7K7B5R	at.obdev.littlesnitch.networkextension (6.4.1/7212)	Little Snitch Network Extension	[activated enabled]

===== 9. Config profiles (expect: none) =====
There are no configuration profiles installed in the system domain

===== 10. LaunchDaemons / LaunchAgents on /Library (expect: only Little Snitch + local.awdl-down) =====
/Library/LaunchAgents:
total 8
drwxr-xr-x   3 root  wheel    96 Aug 31 10:15 .
drwxr-xr-x  66 root  wheel  2112 Aug 31 12:16 ..
-rw-r--r--   1 root  wheel   543 Aug 31 10:15 at.obdev.littlesnitch.agent.plist

/Library/LaunchDaemons:
total 88
drwxr-xr-x  13 root  wheel   416 Aug 31 16:11 .
drwxr-xr-x  66 root  wheel  2112 Aug 31 12:16 ..
-rw-r--r--   1 root  wheel   621 Aug 31 10:15 at.obdev.littlesnitch.daemon.plist
-rw-r--r--@  1 root  wheel   778 Aug 31 16:11 com.evw.audit-monitor.plist
-rw-r--r--@  1 root  wheel   728 Aug 31 16:11 com.evw.dns-guard.plist
-rw-r--r--@  1 root  wheel   752 Aug 31 16:11 com.evw.ls-watchdog-monitor.plist
-rw-r--r--@  1 root  wheel   736 Aug 31 16:11 com.evw.ls-watchdog.plist
-rw-r--r--@  1 root  wheel   674 Aug 31 16:11 com.evw.plist-monitor.plist
-rw-r--r--@  1 root  wheel   717 Aug 31 16:11 com.evw.replayd-guard.plist
-rw-r--r--@  1 root  wheel   610 Aug 31 16:11 com.ew.binding-monitor.plist
-rw-r--r--@  1 root  wheel   665 Aug 31 16:11 com.ew.file-sentinel.plist
-rw-r--r--@  1 root  wheel   541 Aug 31 16:11 com.ew.pf-devports.plist
-rw-r--r--@  1 root  wheel   963 Aug 31 16:11 local.security.harden.plist

===== 10b. ~/Library/LaunchAgents (expect: empty) =====
ls: /Users/evw/Library/LaunchAgents: No such file or directory

===== 11. Cron + login hooks (expect: none) =====
crontab: no crontab for evw
2026-08-31 16:13:07.081 defaults[30042:262311] 
The domain/default pair of (/var/root/Library/Preferences/com.apple.loginwindow, LoginHook) does not exist
2026-08-31 16:13:07.085 defaults[30043:262314] 
The domain/default pair of (/Library/Preferences/com.apple.loginwindow, LoginHook) does not exist

===== 12. /etc/hosts contents =====
##
# Host Database
#
# localhost is used to configure the loopback interface
# when the system is booting.  Do not change this entry.
##
127.0.0.1	localhost
255.255.255.255	broadcasthost
::1             localhost

===== 13. TCC system DB: screen-capture/accessibility/input grants (expect: empty) =====

===== 13b. TCC user DB =====

==========================================
 VERIFY COMPLETE  2026-08-31T21:13:07Z
==========================================
==========================================
 VERIFY  2026-08-31T21:28:22Z
==========================================

===== 1. /bin /sbin /usr/bin /usr/sbin /usr/libexec — hash diff vs baseline =====
DRIFT: 1636 added/changed, 1496 removed/changed
--- first 40 changed lines ---
1,8d0
< 
< # Generated 2026-05-18T17:47:48Z
< # SHA-256 baseline of system binaries
< 001f7e61c5efbe036c11967f79615f3eb393dd0d0d8e398502c72e55e7bd6d26  /usr/bin/tsort
< 002c045850dfbf166a47f12fa4973f33a96191f8ac6e102a6a462801d41a550e  /usr/sbin/languagesetup
< 002de0312cb7317c321da7b3f826b7f154c215647822fb414143b4776a5eda0e  /usr/libexec/nesessionmanager
< 003172459ae3ac9fe556101596ca823f5d115ea6a6d5c63f6dbb64c22970841e  /usr/sbin/htdbm
< 0032ae3f29df098cd2a6721d1b6eef17c1ab9bdc5337b8d6901505125d7030c3  /usr/sbin/setquota
10c2
< 0046a65909d1ab037dfc477460332344eaf2c77cae692a67007a637ff06b7810  /usr/bin/funzip
---
> 0041bb732aefe3ab7a430e441dc90aa84bf716f37ee15e00fdfeac988407686b  /usr/sbin/setkey
13,35c5,30
< 009ce961193cff0a92e8e0c73e50559bf8c8ec3cd1c9f6e1a3bf91a22519fac9  /bin/link
< 009ce961193cff0a92e8e0c73e50559bf8c8ec3cd1c9f6e1a3bf91a22519fac9  /bin/ln
< 00a1fd92064ad7273cf4c657edd4cabd4f264e43bf5b06d10a407917f1e48cce  /usr/bin/parldyn5.34
< 00c4d7870295e050335e6b98372d9bb5ae54e04186dc5f6ea9d2684c7a59e7d0  /usr/bin/mdimport
< 00eed730124d9c23ab8ef12d771d21cfcdd4b1ee771907e52380ffd7295ca131  /usr/libexec/apache2/mod_usertrack.so
< 01030799ba820c88f70187e1d1e491f0213e6e30a08681b41817297f2971b789  /usr/bin/searchdiagnose
< 010eb39fb8262343ed95819e0e4bc438b4a88a7c6e57004526f996e847d8723d  /usr/libexec/apache2/mod_allowmethods.so
< 014c148cd6887cc0cde9f9a66845e01f5cb2a5424a29f067a56d7758b5c88bc0  /usr/bin/wall
< 015e1567cb6d17ebca05eee3f1318db34c40c1af3ce8ea2fb68244bf25c7cbc1  /usr/libexec/powerexperienced
< 01cfcfac9267586bf8fd97c69ee9a88463f892be16f2f8d62895df086a084380  /usr/libexec/TouchBarServer
< 01db452e0abcc0796b3e3bd8967be4b4d91fc2dca101cee2498368e6a307277e  /usr/bin/umtool
< 02adab263e3d33474a838ff7700f62ca289f80cc7bc5bbe9305e2660d85aa26c  /sbin/mount_devfs
< 03340846f8ea2bdae6ba2710d08a8f81803ffe8c4689a06632f519bdadcdc487  /usr/bin/kmutil
< 038d74f9b9b1ef097137b3fd3b01a6a967018a977ea4c67af2468aeb71dbf14b  /usr/libexec/natpmpd
< 03e530e5ec4230553cc8728f352a3aa60a676d24ed7ff7d07363af6f697aa0f9  /usr/bin/afhash
< 04060f67decb0201e8decbc7d14ce47c4c3dddbbec05b98771242c8e12793f88  /usr/bin/gktool
< 043384f1825337fb638f6d13fb519ce03807135ae5a14baac634a4dfceaec3ac  /usr/bin/dirname
< 047103d4b23873c71bdf5149626e81d6001e9006bd0e14647f5c788bdf4b54d0  /usr/libexec/apache2/mod_authz_user.so
< 049b632dac6f933c7d3af9ea7f0de449cf85686071ec323bed4c7e7ac6245529  /usr/bin/bc
< 049b632dac6f933c7d3af9ea7f0de449cf85686071ec323bed4c7e7ac6245529  /usr/bin/dc
< 04aa3e77884fbc1e02095810382176d0faf0fbcbf0c9369c6e6aa9024882c245  /usr/libexec/testmanagerd
< 04c1ec2d5939843c9a89a26791020d2017a50ff97a2d5b380af69d5fcdae5a63  /usr/bin/vm_stat
< 0513a5032404793e6dbf9701f39b58e7ba8cc6798493b36474c58ee6c6ed9029  /usr/bin/dserr
---
> 00b03be453d447790ed26813082cba6b4673ed37da53d50126554e958217ed06  /usr/libexec/dirs_cleaner
> 00ecd8db6e3eaa8959bc776efa74c77afbebbb11315043c860648c8b736c9e49  /usr/libexec/atcrtcomm

===== 2. Listening TCP sockets (expect: empty) =====
OK: no TCP listeners

===== 2b. Listening UDP sockets (non-link-local) =====
COMMAND     PID           USER   FD   TYPE             DEVICE SIZE/OFF NODE NAME
airportd    444           root    3u  IPv4 0x268eaca1d4430927      0t0  UDP *:*
airportd    444           root    9u  IPv6 0x4e8e59da8000fcd1      0t0  UDP *:*
airportd    444           root   10u  IPv4 0x301978048157f067      0t0  UDP *:*
airportd    444           root   11u  IPv4 0xa7d3b8daabc6dc27      0t0  UDP *:*
airportd    444           root   12u  IPv4 0x5442cd350794cf12      0t0  UDP *:*
airportd    444           root   13u  IPv4 0xec367b4103b77328      0t0  UDP *:*
airportd    444           root   16u  IPv4 0xe7d17ff7c37e4393      0t0  UDP *:*
airportd    444           root   18u  IPv4 0xa422d22f7eaeae48      0t0  UDP *:*
airportd    444           root   20u  IPv4  0x104796a037bc2bc      0t0  UDP *:*
airportd    444           root   21u  IPv4 0x583dfa699640b970      0t0  UDP *:*
airportd    444           root   23u  IPv4 0xb06b32ae406d7f28      0t0  UDP *:*
airportd    444           root   25u  IPv4 0xab1d774611666be2      0t0  UDP *:*
symptomsd   448      _networkd   26u  IPv4 0xb434a16bb825a2e6      0t0  UDP *:*
mDNSRespo   521 _mdnsresponder    6u  IPv4 0x679af466f6fc02d9      0t0  UDP *:5353
mDNSRespo   521 _mdnsresponder    7u  IPv6 0x4bb337dc6458173a      0t0  UDP *:5353
at.obdev.   544           root    9u  IPv6 0x31dfe6429e72c951      0t0  UDP [2600:100b:b0c2:dfac:6599:6f0f:3be9:7ad5]:64349->[2620:fe::10]:443
at.obdev.   544           root   12u  IPv4 0x896eb17148c9c943      0t0  UDP 10.245.52.142:49413->1.0.0.1:53
wifiveloc   992           root    3u  IPv4 0x7968d4624ffb879b      0t0  UDP *:*
com.apple  1214            evw   36u  IPv6 0xff81247fd099ad4c      0t0  UDP [2600:100b:b0c2:dfac:6599:6f0f:3be9:7ad5]:64780->[2001:4860:4840:400::]:443
wifip2pd   5617           root    4u  IPv4 0x226dda0c5926670e      0t0  UDP *:*
wifip2pd   5617           root    6u  IPv4 0x520f100fe5480f54      0t0  UDP *:*
wifip2pd   5617           root    7u  IPv4 0xb7d4d4c7fd74f911      0t0  UDP *:*
wifianaly  5625           root    3u  IPv4 0x91d0b4b7472e60d2      0t0  UDP *:*
sharingd  35627            evw    4u  IPv4 0xcc6aea7bdb3c0f6e      0t0  UDP *:*
identitys 35636            evw    7u  IPv4 0x3fa03f7eb37ff695      0t0  UDP *:*
identitys 35636            evw   18u  IPv4 0xf5113c9cf93d14c6      0t0  UDP *:*
identitys 35636            evw   23u  IPv4 0x361d0275ff68a565      0t0  UDP *:*
replicato 35761            evw    8u  IPv6 0xf573d7a23c6fd044      0t0  UDP *:56099

===== 3. Services that should remain DISABLED =====
  DRIFT  com.openssh.sshd  (NOT disabled)
  DRIFT  com.apple.screensharing  (NOT disabled)
  DRIFT  com.apple.screensharing.agent  (NOT disabled)
  DRIFT  com.apple.screensharing.menuextra  (NOT disabled)
  DRIFT  com.apple.screensharing.MessagesAgent  (NOT disabled)
  DRIFT  com.apple.RemoteDesktop.agent  (NOT disabled)
  OK     com.apple.RemoteDesktop.PrivilegeProxy
  DRIFT  com.apple.InternetSharing  (NOT disabled)
  DRIFT  com.apple.AppleFileServer  (NOT disabled)
  DRIFT  com.apple.smbd  (NOT disabled)
  OK     com.apple.netbiosd
  OK     com.apple.AirPlayXPCHelper
  OK     com.apple.mediasharingd

===== 4. Process scan for remote-access daemons (expect: none) =====
OK: no remote-access daemons running

===== 5. Apple firewall state (expect: enabled, stealth on, block-all on) =====
Firewall is blocking all non-essential incoming connections. (State = 2)
Firewall stealth mode is on
Firewall is blocking all non-essential incoming connections.

===== 6. Bluetooth ControllerPowerState (expect: 0) =====
0

===== 7. awdl0 interface (expect: down or no inet6 address) =====
awdl0: flags=8822<BROADCAST,SMART,SIMPLEX,MULTICAST> mtu 1500
	options=6460<TSO4,TSO6,CHANNEL_IO,PARTIAL_CSUM,ZEROINVERT_CSUM>
	ether 7a:34:e7:1b:25:62

===== 8. System extensions (expect: only Little Snitch) =====
1 extension(s)
--- com.apple.system_extension.network_extension (Go to 'System Settings > General > Login Items & Extensions > Network Extensions' to modify these system extension(s))
enabled	active	teamID	bundleID (version)	name	[state]
*	*	MLZF7K7B5R	at.obdev.littlesnitch.networkextension (6.4.1/7212)	Little Snitch Network Extension	[activated enabled]

===== 9. Config profiles (expect: none) =====
There are no configuration profiles installed in the system domain

===== 10. LaunchDaemons / LaunchAgents on /Library (expect: only Little Snitch + local.awdl-down) =====
/Library/LaunchAgents:
total 8
drwxr-xr-x   3 root  wheel    96 Aug 31 10:15 .
drwxr-xr-x  66 root  wheel  2112 Aug 31 12:16 ..
-rw-r--r--   1 root  wheel   543 Aug 31 10:15 at.obdev.littlesnitch.agent.plist

/Library/LaunchDaemons:
total 96
drwxr-xr-x  14 root  wheel   448 Aug 31 16:18 .
drwxr-xr-x  66 root  wheel  2112 Aug 31 12:16 ..
-rw-r--r--   1 root  wheel   621 Aug 31 10:15 at.obdev.littlesnitch.daemon.plist
-rw-r--r--@  1 root  wheel   778 Aug 31 16:11 com.evw.audit-monitor.plist
-rw-r--r--@  1 root  wheel   728 Aug 31 16:11 com.evw.dns-guard.plist
-rw-r--r--@  1 root  wheel   752 Aug 31 16:14 com.evw.ls-watchdog-monitor.plist
-rw-r--r--@  1 root  wheel   736 Aug 31 16:14 com.evw.ls-watchdog.plist
-rw-r--r--@  1 root  wheel   674 Aug 31 16:11 com.evw.plist-monitor.plist
-rw-r--r--@  1 root  wheel   717 Aug 31 16:11 com.evw.replayd-guard.plist
-rw-r--r--@  1 root  wheel   610 Aug 31 16:11 com.ew.binding-monitor.plist
-rw-r--r--@  1 root  wheel   665 Aug 31 16:11 com.ew.file-sentinel.plist
-rw-r--r--@  1 root  wheel   541 Aug 31 16:11 com.ew.pf-devports.plist
-rw-r--r--@  1 root  wheel   622 Aug 31 16:18 local.awdl-down.plist
-rw-r--r--@  1 root  wheel   963 Aug 31 16:11 local.security.harden.plist

===== 10b. ~/Library/LaunchAgents (expect: empty) =====
ls: /Users/evw/Library/LaunchAgents: No such file or directory

===== 11. Cron + login hooks (expect: none) =====
crontab: no crontab for evw
2026-08-31 16:28:24.558 defaults[64618:334657] 
The domain/default pair of (/var/root/Library/Preferences/com.apple.loginwindow, LoginHook) does not exist
2026-08-31 16:28:24.562 defaults[64619:334660] 
The domain/default pair of (/Library/Preferences/com.apple.loginwindow, LoginHook) does not exist

===== 12. /etc/hosts contents =====
##
# Host Database
#
# localhost is used to configure the loopback interface
# when the system is booting.  Do not change this entry.
##
127.0.0.1	localhost
255.255.255.255	broadcasthost
::1             localhost

===== 13. TCC system DB: screen-capture/accessibility/input grants (expect: empty) =====

===== 13b. TCC user DB =====

==========================================
 VERIFY COMPLETE  2026-08-31T21:28:24Z
==========================================
==========================================
 VERIFY  2026-09-05T14:55:21Z
==========================================

===== 1. /bin /sbin /usr/bin /usr/sbin /usr/libexec — hash diff vs baseline =====
DRIFT: 1636 added/changed, 1496 removed/changed
--- first 40 changed lines ---
1,8d0
< 
< # Generated 2026-05-18T17:47:48Z
< # SHA-256 baseline of system binaries
< 001f7e61c5efbe036c11967f79615f3eb393dd0d0d8e398502c72e55e7bd6d26  /usr/bin/tsort
< 002c045850dfbf166a47f12fa4973f33a96191f8ac6e102a6a462801d41a550e  /usr/sbin/languagesetup
< 002de0312cb7317c321da7b3f826b7f154c215647822fb414143b4776a5eda0e  /usr/libexec/nesessionmanager
< 003172459ae3ac9fe556101596ca823f5d115ea6a6d5c63f6dbb64c22970841e  /usr/sbin/htdbm
< 0032ae3f29df098cd2a6721d1b6eef17c1ab9bdc5337b8d6901505125d7030c3  /usr/sbin/setquota
10c2
< 0046a65909d1ab037dfc477460332344eaf2c77cae692a67007a637ff06b7810  /usr/bin/funzip
---
> 0041bb732aefe3ab7a430e441dc90aa84bf716f37ee15e00fdfeac988407686b  /usr/sbin/setkey
13,35c5,30
< 009ce961193cff0a92e8e0c73e50559bf8c8ec3cd1c9f6e1a3bf91a22519fac9  /bin/link
< 009ce961193cff0a92e8e0c73e50559bf8c8ec3cd1c9f6e1a3bf91a22519fac9  /bin/ln
< 00a1fd92064ad7273cf4c657edd4cabd4f264e43bf5b06d10a407917f1e48cce  /usr/bin/parldyn5.34
< 00c4d7870295e050335e6b98372d9bb5ae54e04186dc5f6ea9d2684c7a59e7d0  /usr/bin/mdimport
< 00eed730124d9c23ab8ef12d771d21cfcdd4b1ee771907e52380ffd7295ca131  /usr/libexec/apache2/mod_usertrack.so
< 01030799ba820c88f70187e1d1e491f0213e6e30a08681b41817297f2971b789  /usr/bin/searchdiagnose
< 010eb39fb8262343ed95819e0e4bc438b4a88a7c6e57004526f996e847d8723d  /usr/libexec/apache2/mod_allowmethods.so
< 014c148cd6887cc0cde9f9a66845e01f5cb2a5424a29f067a56d7758b5c88bc0  /usr/bin/wall
< 015e1567cb6d17ebca05eee3f1318db34c40c1af3ce8ea2fb68244bf25c7cbc1  /usr/libexec/powerexperienced
< 01cfcfac9267586bf8fd97c69ee9a88463f892be16f2f8d62895df086a084380  /usr/libexec/TouchBarServer
< 01db452e0abcc0796b3e3bd8967be4b4d91fc2dca101cee2498368e6a307277e  /usr/bin/umtool
< 02adab263e3d33474a838ff7700f62ca289f80cc7bc5bbe9305e2660d85aa26c  /sbin/mount_devfs
< 03340846f8ea2bdae6ba2710d08a8f81803ffe8c4689a06632f519bdadcdc487  /usr/bin/kmutil
< 038d74f9b9b1ef097137b3fd3b01a6a967018a977ea4c67af2468aeb71dbf14b  /usr/libexec/natpmpd
< 03e530e5ec4230553cc8728f352a3aa60a676d24ed7ff7d07363af6f697aa0f9  /usr/bin/afhash
< 04060f67decb0201e8decbc7d14ce47c4c3dddbbec05b98771242c8e12793f88  /usr/bin/gktool
< 043384f1825337fb638f6d13fb519ce03807135ae5a14baac634a4dfceaec3ac  /usr/bin/dirname
< 047103d4b23873c71bdf5149626e81d6001e9006bd0e14647f5c788bdf4b54d0  /usr/libexec/apache2/mod_authz_user.so
< 049b632dac6f933c7d3af9ea7f0de449cf85686071ec323bed4c7e7ac6245529  /usr/bin/bc
< 049b632dac6f933c7d3af9ea7f0de449cf85686071ec323bed4c7e7ac6245529  /usr/bin/dc
< 04aa3e77884fbc1e02095810382176d0faf0fbcbf0c9369c6e6aa9024882c245  /usr/libexec/testmanagerd
< 04c1ec2d5939843c9a89a26791020d2017a50ff97a2d5b380af69d5fcdae5a63  /usr/bin/vm_stat
< 0513a5032404793e6dbf9701f39b58e7ba8cc6798493b36474c58ee6c6ed9029  /usr/bin/dserr
---
> 00b03be453d447790ed26813082cba6b4673ed37da53d50126554e958217ed06  /usr/libexec/dirs_cleaner
> 00ecd8db6e3eaa8959bc776efa74c77afbebbb11315043c860648c8b736c9e49  /usr/libexec/atcrtcomm

===== 2. Listening TCP sockets (expect: empty) =====
UNEXPECTED:
COMMAND    PID USER   FD   TYPE             DEVICE SIZE/OFF NODE NAME
postgres  2163  evw    7u  IPv6 0x7437481378b47a7f      0t0  TCP [::1]:5432 (LISTEN)
postgres  2163  evw    8u  IPv4 0x31f91b08800e5985      0t0  TCP 127.0.0.1:5432 (LISTEN)
Python   22880  evw    4u  IPv4 0x4d151005a84527d6      0t0  TCP 127.0.0.1:8123 (LISTEN)
cupsd    34820 root    5u  IPv6 0xa5593d3b70515512      0t0  TCP [::1]:631 (LISTEN)
cupsd    34820 root    6u  IPv4 0xb67bcb9f8d06e6de      0t0  TCP 127.0.0.1:631 (LISTEN)
Python   54791  evw    3u  IPv4 0x547a6a5ab6ad4f68      0t0  TCP 127.0.0.1:8792 (LISTEN)

===== 2b. Listening UDP sockets (non-link-local) =====
COMMAND     PID           USER   FD   TYPE             DEVICE SIZE/OFF NODE NAME
airportd    442           root    3u  IPv4 0xc2b7d28c2ec805c5      0t0  UDP *:*
airportd    442           root    9u  IPv6 0xa66e44ff555315b7      0t0  UDP *:*
airportd    442           root   11u  IPv4 0x7d805207be802991      0t0  UDP *:*
airportd    442           root   12u  IPv4 0xa99ab11b0adda82a      0t0  UDP *:*
airportd    442           root   13u  IPv4 0x9b3874056b9fbf8b      0t0  UDP *:*
airportd    442           root   14u  IPv4 0x98752d784f2a577a      0t0  UDP *:*
airportd    442           root   15u  IPv4 0x1b2e59fb4f17ef08      0t0  UDP *:*
airportd    442           root   17u  IPv4 0x871b7b7b2989de5c      0t0  UDP *:*
airportd    442           root   20u  IPv4 0x140e814bd16681cf      0t0  UDP *:*
airportd    442           root   22u  IPv4 0x643df2a527c57e8d      0t0  UDP *:*
airportd    442           root   23u  IPv4 0x7d4f25962e6d4dfa      0t0  UDP *:*
airportd    442           root   25u  IPv4 0x41233b5fd771ec01      0t0  UDP *:*
mDNSRespo   454 _mdnsresponder    6u  IPv4 0x20775fcbf02a28a8      0t0  UDP *:5353
mDNSRespo   454 _mdnsresponder    7u  IPv6 0x2291b2033c78b088      0t0  UDP *:5353
at.obdev.   623           root   11u  IPv6 0x3e5ff5474cb64525      0t0  UDP [2600:100b:b04f:2332:590d:a6ec:519e:9bfa]:59658->[2600:100b:b04f:2332::8e]:53
at.obdev.   623           root   13u  IPv4 0x4f6eb1f7793a865d      0t0  UDP 10.247.120.142:62400->1.1.1.1:53
replicato  1165            evw    8u  IPv6 0x20d61bdb916c8790      0t0  UDP *:58848
wifip2pd   1222           root    4u  IPv4 0xc687fe9f38848de9      0t0  UDP *:*
wifip2pd   1222           root    6u  IPv4 0x6b28ffefb9b79b7c      0t0  UDP *:*
wifip2pd   1222           root    9u  IPv4 0x7aef2cb39ad6abf1      0t0  UDP *:*
netsimd    1878            evw   20u  IPv4 0x2e172147a885037b      0t0  UDP *:55896
netsimd    1878            evw   21u  IPv6 0x1e20e9214d39be01      0t0  UDP *:54484
netsimd    1878            evw   26u  IPv4 0x1d63427cfc917fc6      0t0  UDP *:61461
netsimd    1878            evw   27u  IPv4 0x313c4244cee814ce      0t0  UDP *:62634
netsimd    1878            evw   28u  IPv4 0xe20afd4c42c06c6a      0t0  UDP *:*
netsimd    1878            evw   29u  IPv4 0x936c0b63d4f2b0be      0t0  UDP *:52575
netsimd    1878            evw   30u  IPv4 0x862b96e6f678a779      0t0  UDP *:59777
netsimd    1878            evw   31u  IPv4 0xe15a1d4558f701ec      0t0  UDP *:49743
netsimd    1878            evw   32u  IPv4 0x49dd102203867421      0t0  UDP *:51648

===== 3. Services that should remain DISABLED =====
  OK     com.openssh.sshd
  OK     com.apple.screensharing
  DRIFT  com.apple.screensharing.agent  (NOT disabled)
  DRIFT  com.apple.screensharing.menuextra  (NOT disabled)
  DRIFT  com.apple.screensharing.MessagesAgent  (NOT disabled)
  DRIFT  com.apple.RemoteDesktop.agent  (NOT disabled)
  DRIFT  com.apple.RemoteDesktop.PrivilegeProxy  (NOT disabled)
  DRIFT  com.apple.InternetSharing  (NOT disabled)
  DRIFT  com.apple.AppleFileServer  (NOT disabled)
  OK     com.apple.smbd
  OK     com.apple.netbiosd
  OK     com.apple.AirPlayXPCHelper
  OK     com.apple.mediasharingd

===== 4. Process scan for remote-access daemons (expect: none) =====
UNEXPECTED:
root             67467  12.9  0.0 435314496   7136   ??  Rs    9:12PM 257:33.00 /usr/bin/log stream --style syslog --type activity --type log --type trace --level info --predicate (process == "sudo") or (process == "sessionlogoutd" and message contains "logout is complete.") or (process == "sshd") or (process == "tccd" and message contains "Update Access Record") or (message contains "SessionAgentNotificationCenter") or (process == "screensharingd" and message contains "Authentication") or (process == "securityd" and eventMessage contains "Session" and subsystem == "com.apple.securityd")

===== 5. Apple firewall state (expect: enabled, stealth on, block-all on) =====
Firewall is blocking all non-essential incoming connections. (State = 2)
Firewall stealth mode is on
Firewall is blocking all non-essential incoming connections.

===== 6. Bluetooth ControllerPowerState (expect: 0) =====
0

===== 7. awdl0 interface (expect: down or no inet6 address) =====
awdl0: flags=8822<BROADCAST,SMART,SIMPLEX,MULTICAST> mtu 1500
	options=6460<TSO4,TSO6,CHANNEL_IO,PARTIAL_CSUM,ZEROINVERT_CSUM>
	ether a6:08:8d:ef:5a:be

===== 8. System extensions (expect: only Little Snitch) =====
1 extension(s)
--- com.apple.system_extension.network_extension (Go to 'System Settings > General > Login Items & Extensions > Network Extensions' to modify these system extension(s))
enabled	active	teamID	bundleID (version)	name	[state]
*	*	MLZF7K7B5R	at.obdev.littlesnitch.networkextension (6.4.1/7212)	Little Snitch Network Extension	[activated enabled]

===== 9. Config profiles (expect: none) =====
There are no configuration profiles installed in the system domain

===== 10. LaunchDaemons / LaunchAgents on /Library (expect: only Little Snitch + local.awdl-down) =====
/Library/LaunchAgents:
total 8
drwxr-xr-x   3 root  wheel    96 Aug 31 10:15 .
drwxr-xr-x  68 root  wheel  2176 Sep  4 18:13 ..
-rw-r--r--   1 root  wheel   543 Aug 31 10:15 at.obdev.littlesnitch.agent.plist

/Library/LaunchDaemons:
total 192
drwxr-xr-x  26 root  wheel   832 Sep  4 21:12 .
drwxr-xr-x  68 root  wheel  2176 Sep  4 18:13 ..
-rw-r--r--   1 root  wheel   621 Aug 31 10:15 at.obdev.littlesnitch.daemon.plist
-rw-r--r--@  1 root  wheel   778 Aug 31 16:36 com.evw.audit-monitor.plist
-rw-r--r--   1 root  wheel   804 Sep  1 12:38 com.evw.auto-conn-guard.plist
-rw-r--r--@  1 root  wheel   728 Aug 31 16:36 com.evw.dns-guard.plist
-rw-r--r--   1 root  wheel   783 Sep  1 12:17 com.evw.file-vault.plist
-rw-r--r--@  1 root  wheel   763 Sep  4 09:37 com.evw.integrity-full.plist
-rw-r--r--@  1 root  wheel   710 Sep  4 09:37 com.evw.integrity-pulse.plist
-rw-r--r--@  1 root  wheel   689 Sep  4 09:37 com.evw.integrity-sweep.plist
-rw-r--r--@  1 root  wheel   803 Sep  4 09:37 com.evw.integrity-verify.plist
-rw-r--r--   1 root  wheel   731 Sep  1 15:41 com.evw.ls-hygiene-guard.plist
-rw-r--r--@  1 root  wheel   855 Aug 31 16:37 com.evw.mac-sentinel.plist
-rw-r--r--@  1 root  wheel   674 Aug 31 16:36 com.evw.plist-monitor.plist
-rw-r--r--@  1 root  wheel   717 Aug 31 16:36 com.evw.replayd-guard.plist
-rw-r--r--@  1 root  wheel   691 Sep  3 11:05 com.evw.security-audit.plist
-rw-r--r--@  1 root  wheel   724 Sep  3 14:55 com.evw.security-system.plist
-rw-r--r--   1 root  wheel   723 Sep  1 11:56 com.evw.studentd-guard.plist
-rw-r--r--@  1 root  wheel   709 Sep  4 21:12 com.evw.wazuh-guard.plist
-rw-r--r--@  1 root  wheel   730 Sep  4 21:12 com.evw.wazuh-monitor.plist
-rw-r--r--@  1 root  wheel   610 Aug 31 16:36 com.ew.binding-monitor.plist
-rw-r--r--@  1 root  wheel   665 Aug 31 16:36 com.ew.file-sentinel.plist
-rw-r--r--@  1 root  wheel   574 Sep  3 18:08 com.ew.lockdown.plist
-rw-r--r--@  1 root  wheel   541 Aug 31 16:36 com.ew.pf-devports.plist
-rw-r--r--   1 root  wheel   461 Sep  4 18:13 com.wazuh.agent.plist
-rw-r--r--@  1 root  wheel   963 Aug 31 16:36 local.security.harden.plist

===== 10b. ~/Library/LaunchAgents (expect: empty) =====
total 48
drwxr-xr-x@  8 evw  staff   256 Sep  3 18:43 .
drwx------+ 83 evw  staff  2656 Sep  4 21:07 ..
-rw-r--r--@  1 evw  staff   756 Sep  3 14:55 com.evw.alert-center.plist
-rw-r--r--@  1 evw  staff   737 Sep  3 18:43 com.evw.ls-resource-guard.plist
-rw-r--r--@  1 evw  staff   674 Sep  3 11:05 com.evw.security-audit-login.plist
-rw-r--r--   1 evw  staff   807 Sep  1 16:28 com.evw.sentinel-alert-term.plist
-rw-r--r--@  1 evw  staff   675 Aug 31 16:31 com.ew.config-sentinel.plist
-rw-r--r--@  1 evw  staff  1078 Aug 31 16:31 homebrew.mxcl.postgresql@16.plist

===== 11. Cron + login hooks (expect: none) =====
crontab: no crontab for evw
2026-09-05 09:55:23.868 defaults[21069:11154708] 
The domain/default pair of (/var/root/Library/Preferences/com.apple.loginwindow, LoginHook) does not exist
2026-09-05 09:55:23.875 defaults[21070:11154711] 
The domain/default pair of (/Library/Preferences/com.apple.loginwindow, LoginHook) does not exist

===== 12. /etc/hosts contents =====
##
# Host Database
#
# localhost is used to configure the loopback interface
# when the system is booting.  Do not change this entry.
##
127.0.0.1	localhost
255.255.255.255	broadcasthost
::1             localhost
127.0.0.1  mbp.local.local mbp.local

127.0.0.1  MacBook-Pro.local MacBook-Pro

===== 13. TCC system DB: screen-capture/accessibility/input grants (expect: empty) =====

===== 13b. TCC user DB =====

==========================================
 VERIFY COMPLETE  2026-09-05T14:55:23Z
==========================================
==========================================
 VERIFY  2026-09-09T21:08:03Z
==========================================

===== 1. /bin /sbin /usr/bin /usr/sbin /usr/libexec — hash diff vs baseline =====
DRIFT: 1636 added/changed, 1496 removed/changed
--- first 40 changed lines ---
1,8d0
< 
< # Generated 2026-05-18T17:47:48Z
< # SHA-256 baseline of system binaries
< 001f7e61c5efbe036c11967f79615f3eb393dd0d0d8e398502c72e55e7bd6d26  /usr/bin/tsort
< 002c045850dfbf166a47f12fa4973f33a96191f8ac6e102a6a462801d41a550e  /usr/sbin/languagesetup
< 002de0312cb7317c321da7b3f826b7f154c215647822fb414143b4776a5eda0e  /usr/libexec/nesessionmanager
< 003172459ae3ac9fe556101596ca823f5d115ea6a6d5c63f6dbb64c22970841e  /usr/sbin/htdbm
< 0032ae3f29df098cd2a6721d1b6eef17c1ab9bdc5337b8d6901505125d7030c3  /usr/sbin/setquota
10c2
< 0046a65909d1ab037dfc477460332344eaf2c77cae692a67007a637ff06b7810  /usr/bin/funzip
---
> 0041bb732aefe3ab7a430e441dc90aa84bf716f37ee15e00fdfeac988407686b  /usr/sbin/setkey
13,35c5,30
< 009ce961193cff0a92e8e0c73e50559bf8c8ec3cd1c9f6e1a3bf91a22519fac9  /bin/link
< 009ce961193cff0a92e8e0c73e50559bf8c8ec3cd1c9f6e1a3bf91a22519fac9  /bin/ln
< 00a1fd92064ad7273cf4c657edd4cabd4f264e43bf5b06d10a407917f1e48cce  /usr/bin/parldyn5.34
< 00c4d7870295e050335e6b98372d9bb5ae54e04186dc5f6ea9d2684c7a59e7d0  /usr/bin/mdimport
< 00eed730124d9c23ab8ef12d771d21cfcdd4b1ee771907e52380ffd7295ca131  /usr/libexec/apache2/mod_usertrack.so
< 01030799ba820c88f70187e1d1e491f0213e6e30a08681b41817297f2971b789  /usr/bin/searchdiagnose
< 010eb39fb8262343ed95819e0e4bc438b4a88a7c6e57004526f996e847d8723d  /usr/libexec/apache2/mod_allowmethods.so
< 014c148cd6887cc0cde9f9a66845e01f5cb2a5424a29f067a56d7758b5c88bc0  /usr/bin/wall
< 015e1567cb6d17ebca05eee3f1318db34c40c1af3ce8ea2fb68244bf25c7cbc1  /usr/libexec/powerexperienced
< 01cfcfac9267586bf8fd97c69ee9a88463f892be16f2f8d62895df086a084380  /usr/libexec/TouchBarServer
< 01db452e0abcc0796b3e3bd8967be4b4d91fc2dca101cee2498368e6a307277e  /usr/bin/umtool
< 02adab263e3d33474a838ff7700f62ca289f80cc7bc5bbe9305e2660d85aa26c  /sbin/mount_devfs
< 03340846f8ea2bdae6ba2710d08a8f81803ffe8c4689a06632f519bdadcdc487  /usr/bin/kmutil
< 038d74f9b9b1ef097137b3fd3b01a6a967018a977ea4c67af2468aeb71dbf14b  /usr/libexec/natpmpd
< 03e530e5ec4230553cc8728f352a3aa60a676d24ed7ff7d07363af6f697aa0f9  /usr/bin/afhash
< 04060f67decb0201e8decbc7d14ce47c4c3dddbbec05b98771242c8e12793f88  /usr/bin/gktool
< 043384f1825337fb638f6d13fb519ce03807135ae5a14baac634a4dfceaec3ac  /usr/bin/dirname
< 047103d4b23873c71bdf5149626e81d6001e9006bd0e14647f5c788bdf4b54d0  /usr/libexec/apache2/mod_authz_user.so
< 049b632dac6f933c7d3af9ea7f0de449cf85686071ec323bed4c7e7ac6245529  /usr/bin/bc
< 049b632dac6f933c7d3af9ea7f0de449cf85686071ec323bed4c7e7ac6245529  /usr/bin/dc
< 04aa3e77884fbc1e02095810382176d0faf0fbcbf0c9369c6e6aa9024882c245  /usr/libexec/testmanagerd
< 04c1ec2d5939843c9a89a26791020d2017a50ff97a2d5b380af69d5fcdae5a63  /usr/bin/vm_stat
< 0513a5032404793e6dbf9701f39b58e7ba8cc6798493b36474c58ee6c6ed9029  /usr/bin/dserr
---
> 00b03be453d447790ed26813082cba6b4673ed37da53d50126554e958217ed06  /usr/libexec/dirs_cleaner
> 00ecd8db6e3eaa8959bc776efa74c77afbebbb11315043c860648c8b736c9e49  /usr/libexec/atcrtcomm

===== 2. Listening TCP sockets (expect: empty) =====
UNEXPECTED:
COMMAND   PID USER   FD   TYPE             DEVICE SIZE/OFF NODE NAME
postgres 1508  evw    7u  IPv6 0x1e5b45cbd7522f5c      0t0  TCP [::1]:5432 (LISTEN)
postgres 1508  evw    8u  IPv4 0x625345d74225da4b      0t0  TCP 127.0.0.1:5432 (LISTEN)
cupsd    4606 root    5u  IPv6 0xab7cdfb5311d781c      0t0  TCP [::1]:631 (LISTEN)
cupsd    4606 root    6u  IPv4 0xedb61d8c8f75cd7e      0t0  TCP 127.0.0.1:631 (LISTEN)

===== 2b. Listening UDP sockets (non-link-local) =====
COMMAND     PID           USER   FD   TYPE             DEVICE SIZE/OFF NODE NAME
airportd    434           root    3u  IPv4 0x2b5c00b4c1683196      0t0  UDP *:*
airportd    434           root    9u  IPv6 0x4238ce947d30aeae      0t0  UDP *:*
airportd    434           root   10u  IPv4 0xc6944c795d9ee67c      0t0  UDP *:*
airportd    434           root   12u  IPv4 0x6c7c1e0e5c680faa      0t0  UDP *:*
airportd    434           root   14u  IPv4 0x165d4824af921994      0t0  UDP *:*
airportd    434           root   15u  IPv4 0x69abbca1192b6f68      0t0  UDP *:*
airportd    434           root   19u  IPv4 0x4c3afb1b34ba858f      0t0  UDP *:*
airportd    434           root   20u  IPv4 0x164091b6540a2956      0t0  UDP *:*
airportd    434           root   21u  IPv4 0x3777e1a410e8d7b2      0t0  UDP *:*
airportd    434           root   22u  IPv4 0x10b16a803fbcf2a1      0t0  UDP *:*
airportd    434           root   23u  IPv4 0xba6def6b1b213f32      0t0  UDP *:*
airportd    434           root   25u  IPv4 0xbe489a07e6dcfb8b      0t0  UDP *:*
mDNSRespo   457 _mdnsresponder    6u  IPv4 0x1221b53daf6a53c6      0t0  UDP *:5353
mDNSRespo   457 _mdnsresponder    7u  IPv6 0x9bc130d375775855      0t0  UDP *:5353
at.obdev.   618           root   11u  IPv6 0xd457c162ba9a4cc8      0t0  UDP [2600:100b:b03f:346f:508c:730c:137:447]:55332->[2620:fe::10]:443
at.obdev.   618           root   12u  IPv6 0xe1fbfed91e30dde9      0t0  UDP [2600:100b:b03f:346f:508c:730c:137:447]:65329->[2600:100b:b03f:346f::3f]:53
at.obdev.   618           root   13u  IPv4 0xc7e92e525e28982e      0t0  UDP 10.54.192.142:50674->1.0.0.1:53
wifip2pd   1394           root    4u  IPv4 0x76101e117858a10a      0t0  UDP *:*
wifip2pd   1394           root    6u  IPv4 0x79693eeec568ffe1      0t0  UDP *:*
wifip2pd   1394           root    9u  IPv4 0x4b34ae66301b2339      0t0  UDP *:*
replicato  1397            evw    8u  IPv6 0x4b9edf58259d75c9      0t0  UDP *:55829
sharingd  45375            evw    4u  IPv4  0x483472a0e5529d3      0t0  UDP *:*
identitys 45390            evw    7u  IPv4 0x62a730d775c0ced6      0t0  UDP *:*
identitys 45390            evw   15u  IPv4 0x17c5714e4939ff91      0t0  UDP *:*
identitys 45390            evw   20u  IPv4 0xdcd9417c2389e47f      0t0  UDP *:*

===== 3. Services that should remain DISABLED =====
  OK     com.openssh.sshd
  OK     com.apple.screensharing
  DRIFT  com.apple.screensharing.agent  (NOT disabled)
  DRIFT  com.apple.screensharing.menuextra  (NOT disabled)
  DRIFT  com.apple.screensharing.MessagesAgent  (NOT disabled)
  DRIFT  com.apple.RemoteDesktop.agent  (NOT disabled)
  DRIFT  com.apple.RemoteDesktop.PrivilegeProxy  (NOT disabled)
  DRIFT  com.apple.InternetSharing  (NOT disabled)
  DRIFT  com.apple.AppleFileServer  (NOT disabled)
  OK     com.apple.smbd
  OK     com.apple.netbiosd
  OK     com.apple.AirPlayXPCHelper
  OK     com.apple.mediasharingd

===== 4. Process scan for remote-access daemons (expect: none) =====
UNEXPECTED:
root              9712  18.9  0.0 435322768   7936   ??  Rs    4:03PM   1:05.65 /usr/bin/log stream --style syslog --type activity --type log --type trace --level info --predicate (process == "sudo") or (process == "sessionlogoutd" and message contains "logout is complete.") or (process == "sshd") or (process == "tccd" and message contains "Update Access Record") or (message contains "SessionAgentNotificationCenter") or (process == "screensharingd" and message contains "Authentication") or (process == "securityd" and eventMessage contains "Session" and subsystem == "com.apple.securityd")

===== 5. Apple firewall state (expect: enabled, stealth on, block-all on) =====
Firewall is blocking all non-essential incoming connections. (State = 2)
Firewall stealth mode is on
Firewall is blocking all non-essential incoming connections.

===== 6. Bluetooth ControllerPowerState (expect: 0) =====
0

===== 7. awdl0 interface (expect: down or no inet6 address) =====
awdl0: flags=8822<BROADCAST,SMART,SIMPLEX,MULTICAST> mtu 1500
	options=6460<TSO4,TSO6,CHANNEL_IO,PARTIAL_CSUM,ZEROINVERT_CSUM>
	ether 3a:14:b2:9d:5c:4c

===== 8. System extensions (expect: only Little Snitch) =====
1 extension(s)
--- com.apple.system_extension.network_extension (Go to 'System Settings > General > Login Items & Extensions > Network Extensions' to modify these system extension(s))
enabled	active	teamID	bundleID (version)	name	[state]
*	*	MLZF7K7B5R	at.obdev.littlesnitch.networkextension (6.4.1/7212)	Little Snitch Network Extension	[activated enabled]

===== 9. Config profiles (expect: none) =====
There are no configuration profiles installed in the system domain

===== 10. LaunchDaemons / LaunchAgents on /Library (expect: only Little Snitch + local.awdl-down) =====
/Library/LaunchAgents:
total 8
drwxr-xr-x   3 root  wheel    96 Aug 31 10:15 .
drwxr-xr-x  68 root  wheel  2176 Sep  4 18:13 ..
-rw-r--r--   1 root  wheel   543 Aug 31 10:15 at.obdev.littlesnitch.agent.plist

/Library/LaunchDaemons:
total 216
drwxr-xr-x  29 root  wheel   928 Sep  9 16:02 .
drwxr-xr-x  68 root  wheel  2176 Sep  4 18:13 ..
-rw-r--r--   1 root  wheel   621 Aug 31 10:15 at.obdev.littlesnitch.daemon.plist
-rw-r--r--@  1 root  wheel   778 Sep  9 13:23 com.evw.audit-monitor.plist
-rw-r--r--   1 root  wheel   804 Sep  1 12:38 com.evw.auto-conn-guard.plist
-rw-r--r--@  1 root  wheel   728 Sep  9 13:23 com.evw.dns-guard.plist
-rw-r--r--   1 root  wheel   783 Sep  1 12:17 com.evw.file-vault.plist
-rw-r--r--@  1 root  wheel   763 Sep  4 09:37 com.evw.integrity-full.plist
-rw-r--r--@  1 root  wheel   710 Sep  4 09:37 com.evw.integrity-pulse.plist
-rw-r--r--@  1 root  wheel   689 Sep  4 09:37 com.evw.integrity-sweep.plist
-rw-r--r--@  1 root  wheel   803 Sep  4 09:37 com.evw.integrity-verify.plist
-rw-r--r--   1 root  wheel   731 Sep  1 15:41 com.evw.ls-hygiene-guard.plist
-rw-r--r--@  1 root  wheel   752 Sep  5 09:56 com.evw.ls-watchdog-monitor.plist
-rw-r--r--@  1 root  wheel   736 Sep  5 09:56 com.evw.ls-watchdog.plist
-rw-r--r--@  1 root  wheel   855 Sep  5 10:24 com.evw.mac-sentinel.plist
-rw-r--r--@  1 root  wheel   674 Sep  9 13:23 com.evw.plist-monitor.plist
-rw-r--r--@  1 root  wheel   717 Sep  9 13:23 com.evw.replayd-guard.plist
-rw-r--r--@  1 root  wheel   691 Sep  5 10:05 com.evw.security-audit.plist
-rw-r--r--@  1 root  wheel   724 Sep  3 14:55 com.evw.security-system.plist
-rw-r--r--   1 root  wheel   723 Sep  1 11:56 com.evw.studentd-guard.plist
-rw-r--r--@  1 root  wheel   709 Sep  9 13:24 com.evw.wazuh-guard.plist
-rw-r--r--@  1 root  wheel   730 Sep  9 13:24 com.evw.wazuh-monitor.plist
-rw-r--r--@  1 root  wheel   610 Sep  9 13:23 com.ew.binding-monitor.plist
-rw-r--r--@  1 root  wheel   665 Sep  9 13:23 com.ew.file-sentinel.plist
-rw-r--r--@  1 root  wheel   574 Sep  9 16:02 com.ew.lockdown.plist
-rw-r--r--@  1 root  wheel   541 Sep  9 13:23 com.ew.pf-devports.plist
-rw-r--r--   1 root  wheel   461 Sep  4 18:13 com.wazuh.agent.plist
-rw-r--r--@  1 root  wheel   622 Sep  5 10:00 local.awdl-down.plist
-rw-r--r--@  1 root  wheel   963 Sep  9 13:23 local.security.harden.plist

===== 10b. ~/Library/LaunchAgents (expect: empty) =====
total 48
drwxr-xr-x@  8 evw  staff   256 Sep  3 18:43 .
drwx------+ 83 evw  staff  2656 Sep  4 21:07 ..
-rw-r--r--@  1 evw  staff   756 Sep  3 14:55 com.evw.alert-center.plist
-rw-r--r--@  1 evw  staff   737 Sep  3 18:43 com.evw.ls-resource-guard.plist
-rw-r--r--@  1 evw  staff   674 Sep  5 10:05 com.evw.security-audit-login.plist
-rw-r--r--   1 evw  staff   807 Sep  1 16:28 com.evw.sentinel-alert-term.plist
-rw-r--r--@  1 evw  staff   675 Sep  5 10:01 com.ew.config-sentinel.plist
-rw-r--r--@  1 evw  staff  1078 Aug 31 16:31 homebrew.mxcl.postgresql@16.plist

===== 11. Cron + login hooks (expect: none) =====
crontab: no crontab for evw
2026-09-09 16:08:06.438 defaults[47262:104318] 
The domain/default pair of (/var/root/Library/Preferences/com.apple.loginwindow, LoginHook) does not exist
2026-09-09 16:08:06.443 defaults[47263:104321] 
The domain/default pair of (/Library/Preferences/com.apple.loginwindow, LoginHook) does not exist

===== 12. /etc/hosts contents =====
##
# Host Database
#
# localhost is used to configure the loopback interface
# when the system is booting.  Do not change this entry.
##
127.0.0.1	localhost
255.255.255.255	broadcasthost
::1             localhost
127.0.0.1  mbp.local.local mbp.local

127.0.0.1  MacBook-Pro.local MacBook-Pro

127.0.0.1  Pixel-9.local Pixel-9

===== 13. TCC system DB: screen-capture/accessibility/input grants (expect: empty) =====

===== 13b. TCC user DB =====

==========================================
 VERIFY COMPLETE  2026-09-09T21:08:06Z
==========================================
==========================================
 VERIFY  2026-09-11T19:38:17Z
==========================================

===== 1. /bin /sbin /usr/bin /usr/sbin /usr/libexec — hash diff vs baseline =====
DRIFT: 1636 added/changed, 1496 removed/changed
--- first 40 changed lines ---
1,8d0
< 
< # Generated 2026-05-18T17:47:48Z
< # SHA-256 baseline of system binaries
< 001f7e61c5efbe036c11967f79615f3eb393dd0d0d8e398502c72e55e7bd6d26  /usr/bin/tsort
< 002c045850dfbf166a47f12fa4973f33a96191f8ac6e102a6a462801d41a550e  /usr/sbin/languagesetup
< 002de0312cb7317c321da7b3f826b7f154c215647822fb414143b4776a5eda0e  /usr/libexec/nesessionmanager
< 003172459ae3ac9fe556101596ca823f5d115ea6a6d5c63f6dbb64c22970841e  /usr/sbin/htdbm
< 0032ae3f29df098cd2a6721d1b6eef17c1ab9bdc5337b8d6901505125d7030c3  /usr/sbin/setquota
10c2
< 0046a65909d1ab037dfc477460332344eaf2c77cae692a67007a637ff06b7810  /usr/bin/funzip
---
> 0041bb732aefe3ab7a430e441dc90aa84bf716f37ee15e00fdfeac988407686b  /usr/sbin/setkey
13,35c5,30
< 009ce961193cff0a92e8e0c73e50559bf8c8ec3cd1c9f6e1a3bf91a22519fac9  /bin/link
< 009ce961193cff0a92e8e0c73e50559bf8c8ec3cd1c9f6e1a3bf91a22519fac9  /bin/ln
< 00a1fd92064ad7273cf4c657edd4cabd4f264e43bf5b06d10a407917f1e48cce  /usr/bin/parldyn5.34
< 00c4d7870295e050335e6b98372d9bb5ae54e04186dc5f6ea9d2684c7a59e7d0  /usr/bin/mdimport
< 00eed730124d9c23ab8ef12d771d21cfcdd4b1ee771907e52380ffd7295ca131  /usr/libexec/apache2/mod_usertrack.so
< 01030799ba820c88f70187e1d1e491f0213e6e30a08681b41817297f2971b789  /usr/bin/searchdiagnose
< 010eb39fb8262343ed95819e0e4bc438b4a88a7c6e57004526f996e847d8723d  /usr/libexec/apache2/mod_allowmethods.so
< 014c148cd6887cc0cde9f9a66845e01f5cb2a5424a29f067a56d7758b5c88bc0  /usr/bin/wall
< 015e1567cb6d17ebca05eee3f1318db34c40c1af3ce8ea2fb68244bf25c7cbc1  /usr/libexec/powerexperienced
< 01cfcfac9267586bf8fd97c69ee9a88463f892be16f2f8d62895df086a084380  /usr/libexec/TouchBarServer
< 01db452e0abcc0796b3e3bd8967be4b4d91fc2dca101cee2498368e6a307277e  /usr/bin/umtool
< 02adab263e3d33474a838ff7700f62ca289f80cc7bc5bbe9305e2660d85aa26c  /sbin/mount_devfs
< 03340846f8ea2bdae6ba2710d08a8f81803ffe8c4689a06632f519bdadcdc487  /usr/bin/kmutil
< 038d74f9b9b1ef097137b3fd3b01a6a967018a977ea4c67af2468aeb71dbf14b  /usr/libexec/natpmpd
< 03e530e5ec4230553cc8728f352a3aa60a676d24ed7ff7d07363af6f697aa0f9  /usr/bin/afhash
< 04060f67decb0201e8decbc7d14ce47c4c3dddbbec05b98771242c8e12793f88  /usr/bin/gktool
< 043384f1825337fb638f6d13fb519ce03807135ae5a14baac634a4dfceaec3ac  /usr/bin/dirname
< 047103d4b23873c71bdf5149626e81d6001e9006bd0e14647f5c788bdf4b54d0  /usr/libexec/apache2/mod_authz_user.so
< 049b632dac6f933c7d3af9ea7f0de449cf85686071ec323bed4c7e7ac6245529  /usr/bin/bc
< 049b632dac6f933c7d3af9ea7f0de449cf85686071ec323bed4c7e7ac6245529  /usr/bin/dc
< 04aa3e77884fbc1e02095810382176d0faf0fbcbf0c9369c6e6aa9024882c245  /usr/libexec/testmanagerd
< 04c1ec2d5939843c9a89a26791020d2017a50ff97a2d5b380af69d5fcdae5a63  /usr/bin/vm_stat
< 0513a5032404793e6dbf9701f39b58e7ba8cc6798493b36474c58ee6c6ed9029  /usr/bin/dserr
---
> 00b03be453d447790ed26813082cba6b4673ed37da53d50126554e958217ed06  /usr/libexec/dirs_cleaner
> 00ecd8db6e3eaa8959bc776efa74c77afbebbb11315043c860648c8b736c9e49  /usr/libexec/atcrtcomm

===== 2. Listening TCP sockets (expect: empty) =====
UNEXPECTED:
COMMAND    PID USER   FD   TYPE             DEVICE SIZE/OFF NODE NAME
postgres  1670  evw    7u  IPv6 0x5d5783a96a69c485      0t0  TCP [::1]:5432 (LISTEN)
postgres  1670  evw    8u  IPv4 0xd28bedaa6ab25f84      0t0  TCP 127.0.0.1:5432 (LISTEN)
cupsd     3869 root    5u  IPv6 0xc0848146dc360685      0t0  TCP [::1]:631 (LISTEN)
cupsd     3869 root    6u  IPv4 0xb184d85094d5bc25      0t0  TCP 127.0.0.1:631 (LISTEN)
node     80212  evw   17u  IPv6 0x434b359eda1a7193      0t0  TCP *:3000 (LISTEN)

===== 2b. Listening UDP sockets (non-link-local) =====
COMMAND     PID           USER   FD   TYPE             DEVICE SIZE/OFF NODE NAME
airportd    445           root    3u  IPv4 0x27b335dd263a98ff      0t0  UDP *:*
airportd    445           root    9u  IPv6 0x29d636247f468985      0t0  UDP *:*
airportd    445           root   12u  IPv4 0x579a6e17d17c2c99      0t0  UDP *:*
airportd    445           root   13u  IPv4 0x17d4f0814471b73a      0t0  UDP *:*
airportd    445           root   14u  IPv4 0x6138bdebbb86db50      0t0  UDP *:*
airportd    445           root   17u  IPv4 0x2787b35610fde3af      0t0  UDP *:*
airportd    445           root   18u  IPv4 0xd6e6c3b7df9341c2      0t0  UDP *:*
airportd    445           root   20u  IPv4 0x1378bfe7793a4f98      0t0  UDP *:*
airportd    445           root   21u  IPv4 0xdb776e7e819c221c      0t0  UDP *:*
airportd    445           root   22u  IPv4 0xa35dced765207b0d      0t0  UDP *:*
airportd    445           root   23u  IPv4 0xcd5b81dd27304454      0t0  UDP *:*
airportd    445           root   27u  IPv4 0x7c2b539385e3281d      0t0  UDP *:*
mDNSRespo   449 _mdnsresponder    6u  IPv4 0x70e807fe68c14606      0t0  UDP *:5353
mDNSRespo   449 _mdnsresponder    7u  IPv6   0xa2ca23aec2e4f7      0t0  UDP *:5353
at.obdev.   583           root    9u  IPv6 0x3626529a4f554264      0t0  UDP [2600:100b:b03f:346f:e026:76bd:dc42:d9c0]:58038->[2620:fe::10]:443
at.obdev.   583           root   12u  IPv6 0xb2b23c7c39aa9b20      0t0  UDP [2600:100b:b03f:346f:e026:76bd:dc42:d9c0]:55496->[2600:100b:b03f:346f::2f]:53
at.obdev.   583           root   14u  IPv4 0x5570dddb9a9a20e1      0t0  UDP 10.54.192.142:57734->1.0.0.1:53
replicato   918            evw    8u  IPv6 0xf7b3f7ee9b3971e7      0t0  UDP *:55602
wifip2pd   1008           root    4u  IPv4 0x1ffa0f8cd88bb3f7      0t0  UDP *:*
wifip2pd   1008           root    6u  IPv4 0x43970c1ef6749741      0t0  UDP *:*
wifip2pd   1008           root    9u  IPv4 0x263fe75a707e39af      0t0  UDP *:*
sharingd   9124            evw    4u  IPv4 0x3e6ae12d5b8f93f7      0t0  UDP *:*
identitys  9139            evw    7u  IPv4  0x941e67b93457f1d      0t0  UDP *:*
identitys  9139            evw   15u  IPv4 0xbad668f5793356a4      0t0  UDP *:*
identitys  9139            evw   20u  IPv4 0xe5cbd3dfa6261120      0t0  UDP *:*
com.apple 41109            evw   12u  IPv6 0xa6a00a8cc9743606      0t0  UDP [2600:100b:b03f:346f:e026:76bd:dc42:d9c0]:64058->[2620:127:f00f:e::]:443
com.apple 41109            evw   18u  IPv6 0x6602b69aee4bb6c0      0t0  UDP [2600:100b:b03f:346f:e026:76bd:dc42:d9c0]:53495->[2606:4700:3030::6815:c5f]:443
com.apple 41109            evw   19u  IPv6 0x68f5916128c662e7      0t0  UDP [2600:100b:b03f:346f:e026:76bd:dc42:d9c0]:65218->[2607:f8b0:4023:1004::5e]:443
com.apple 41109            evw   30u  IPv6 0xb3c48b076621fd60      0t0  UDP [2600:100b:b03f:346f:e026:76bd:dc42:d9c0]:59338->[2606:4700::6812:1e4e]:443

===== 3. Services that should remain DISABLED =====
  OK     com.openssh.sshd
  OK     com.apple.screensharing
  DRIFT  com.apple.screensharing.agent  (NOT disabled)
  DRIFT  com.apple.screensharing.menuextra  (NOT disabled)
  DRIFT  com.apple.screensharing.MessagesAgent  (NOT disabled)
  DRIFT  com.apple.RemoteDesktop.agent  (NOT disabled)
  DRIFT  com.apple.RemoteDesktop.PrivilegeProxy  (NOT disabled)
  DRIFT  com.apple.InternetSharing  (NOT disabled)
  DRIFT  com.apple.AppleFileServer  (NOT disabled)
  OK     com.apple.smbd
  OK     com.apple.netbiosd
  OK     com.apple.AirPlayXPCHelper
  OK     com.apple.mediasharingd

===== 4. Process scan for remote-access daemons (expect: none) =====
UNEXPECTED:
root             10043  25.1  0.0 435322336   6928   ??  Rs    9:59AM  42:49.99 /usr/bin/log stream --style syslog --type activity --type log --type trace --level info --predicate (process == "sudo") or (process == "sessionlogoutd" and message contains "logout is complete.") or (process == "sshd") or (process == "tccd" and message contains "Update Access Record") or (message contains "SessionAgentNotificationCenter") or (process == "screensharingd" and message contains "Authentication") or (process == "securityd" and eventMessage contains "Session" and subsystem == "com.apple.securityd")

===== 5. Apple firewall state (expect: enabled, stealth on, block-all on) =====
Firewall is blocking all non-essential incoming connections. (State = 2)
Firewall stealth mode is on
Firewall is blocking all non-essential incoming connections.

===== 6. Bluetooth ControllerPowerState (expect: 0) =====
0

===== 7. awdl0 interface (expect: down or no inet6 address) =====
awdl0: flags=8822<BROADCAST,SMART,SIMPLEX,MULTICAST> mtu 1500
	options=6460<TSO4,TSO6,CHANNEL_IO,PARTIAL_CSUM,ZEROINVERT_CSUM>
	ether a6:32:ce:ab:02:80

===== 8. System extensions (expect: only Little Snitch) =====
1 extension(s)
--- com.apple.system_extension.network_extension (Go to 'System Settings > General > Login Items & Extensions > Network Extensions' to modify these system extension(s))
enabled	active	teamID	bundleID (version)	name	[state]
*	*	MLZF7K7B5R	at.obdev.littlesnitch.networkextension (6.4.1/7212)	Little Snitch Network Extension	[activated enabled]

===== 9. Config profiles (expect: none) =====
There are no configuration profiles installed in the system domain

===== 10. LaunchDaemons / LaunchAgents on /Library (expect: only Little Snitch + local.awdl-down) =====
/Library/LaunchAgents:
total 8
drwxr-xr-x   3 root  wheel    96 Aug 31 10:15 .
drwxr-xr-x  68 root  wheel  2176 Sep  4 18:13 ..
-rw-r--r--   1 root  wheel   543 Aug 31 10:15 at.obdev.littlesnitch.agent.plist

/Library/LaunchDaemons:
total 224
drwxr-xr-x  30 root  wheel   960 Sep 11 09:59 .
drwxr-xr-x  68 root  wheel  2176 Sep  4 18:13 ..
-rw-r--r--   1 root  wheel   621 Aug 31 10:15 at.obdev.littlesnitch.daemon.plist
-rw-r--r--@  1 root  wheel   778 Sep  9 17:10 com.evw.audit-monitor.plist
-rw-r--r--   1 root  wheel   804 Sep  1 12:38 com.evw.auto-conn-guard.plist
-rw-r--r--@  1 root  wheel   728 Sep  9 17:10 com.evw.dns-guard.plist
-rw-r--r--   1 root  wheel   783 Sep  1 12:17 com.evw.file-vault.plist
-rw-r--r--@  1 root  wheel   763 Sep  4 09:37 com.evw.integrity-full.plist
-rw-r--r--@  1 root  wheel   710 Sep  4 09:37 com.evw.integrity-pulse.plist
-rw-r--r--@  1 root  wheel   689 Sep  4 09:37 com.evw.integrity-sweep.plist
-rw-r--r--@  1 root  wheel   803 Sep  4 09:37 com.evw.integrity-verify.plist
-rw-r--r--   1 root  wheel   714 Sep 10 11:41 com.evw.ls-hourly-cleanup.plist
-rw-r--r--   1 root  wheel   731 Sep  1 15:41 com.evw.ls-hygiene-guard.plist
-rw-r--r--@  1 root  wheel   752 Sep  9 16:10 com.evw.ls-watchdog-monitor.plist
-rw-r--r--@  1 root  wheel   736 Sep  9 16:10 com.evw.ls-watchdog.plist
-rw-r--r--@  1 root  wheel   855 Sep  9 17:13 com.evw.mac-sentinel.plist
-rw-r--r--@  1 root  wheel   674 Sep  9 17:10 com.evw.plist-monitor.plist
-rw-r--r--@  1 root  wheel   717 Sep  9 17:10 com.evw.replayd-guard.plist
-rw-r--r--@  1 root  wheel   691 Sep  9 16:26 com.evw.security-audit.plist
-rw-r--r--@  1 root  wheel   724 Sep  3 14:55 com.evw.security-system.plist
-rw-r--r--   1 root  wheel   723 Sep  1 11:56 com.evw.studentd-guard.plist
-rw-r--r--@  1 root  wheel   709 Sep 10 11:16 com.evw.wazuh-guard.plist
-rw-r--r--@  1 root  wheel   724 Sep 10 11:41 com.evw.wazuh-monitor.plist
-rw-r--r--@  1 root  wheel   610 Sep  9 17:10 com.ew.binding-monitor.plist
-rw-r--r--@  1 root  wheel   665 Sep  9 17:10 com.ew.file-sentinel.plist
-rw-r--r--@  1 root  wheel   574 Sep 11 09:59 com.ew.lockdown.plist
-rw-r--r--@  1 root  wheel   541 Sep  9 17:10 com.ew.pf-devports.plist
-rw-r--r--   1 root  wheel   461 Sep  4 18:13 com.wazuh.agent.plist
-rw-r--r--@  1 root  wheel   622 Sep  9 16:11 local.awdl-down.plist
-rw-r--r--@  1 root  wheel   963 Sep  9 17:10 local.security.harden.plist

===== 10b. ~/Library/LaunchAgents (expect: empty) =====
total 48
drwxr-xr-x@  8 evw  staff   256 Sep  3 18:43 .
drwx------+ 85 evw  staff  2720 Sep 10 14:06 ..
-rw-r--r--@  1 evw  staff   756 Sep  3 14:55 com.evw.alert-center.plist
-rw-r--r--@  1 evw  staff   737 Sep  3 18:43 com.evw.ls-resource-guard.plist
-rw-r--r--@  1 evw  staff   674 Sep  9 16:26 com.evw.security-audit-login.plist
-rw-r--r--   1 evw  staff   807 Sep  1 16:28 com.evw.sentinel-alert-term.plist
-rw-r--r--@  1 evw  staff   675 Sep  9 16:12 com.ew.config-sentinel.plist
-rw-r--r--@  1 evw  staff  1078 Aug 31 16:31 homebrew.mxcl.postgresql@16.plist

===== 11. Cron + login hooks (expect: none) =====
crontab: no crontab for evw
2026-09-11 14:38:20.475 defaults[9852:1393408] 
The domain/default pair of (/var/root/Library/Preferences/com.apple.loginwindow, LoginHook) does not exist
2026-09-11 14:38:20.480 defaults[9853:1393411] 
The domain/default pair of (/Library/Preferences/com.apple.loginwindow, LoginHook) does not exist

===== 12. /etc/hosts contents =====
##
# Host Database
#
# localhost is used to configure the loopback interface
# when the system is booting.  Do not change this entry.
##
127.0.0.1	localhost
255.255.255.255	broadcasthost
::1             localhost
127.0.0.1  mbp.local.local mbp.local

127.0.0.1  MacBook-Pro.local MacBook-Pro

127.0.0.1  Pixel-9.local Pixel-9

127.0.0.1  WORKSTATION-9828.local WORKSTATION-9828

===== 13. TCC system DB: screen-capture/accessibility/input grants (expect: empty) =====

===== 13b. TCC user DB =====

==========================================
 VERIFY COMPLETE  2026-09-11T19:38:20Z
==========================================
